expected_test_num,description,gross,net,tax,employee_ni,employer_ni,employee_pension,salary_sacrifice,employer_pension,loan_1_deduction,loan_2_deduction,loan_3_deduction,total_loan_deduction,aeo_1_deduction,aeo_2_deduction,aeo_3_deduction,total_aeo_deduction,employee_ni_ytd,gross_ytd,pension_ytd,tax_ytd,net_ytd,salary_sacrifice_ytd,loan_1_ytd,loan_2_ytd,loan_3_ytd,aeo_1_ytd,aeo_2_ytd,aeo_3_ytd
1,,1000,800,100,100,0,0,0,0,0,0,0,0,0,0,0,0,0,0,0,0,0,0,0,0,0,0,0,0
